// Jest Snapshot v1, https://goo.gl/fbAQLP

exports[`Button is disabled 1`] = `
<button
  className="px-8 group py-2 relative flex justify-center items-center"
  disabled={true}
>
  <div
    className="absolute top-0 left-0 w-full h-full border-b border-neutral-500 scale-x-0 group-hover:scale-x-100 transition-all duration-200 ease-out"
  />
  Hey
</button>
`;
